[sasi.com.br/security.html]
[sasi.com.br/manifest.json]
[sasi.com.br/favicon-32x32.png]
[sasi.com.br/favicon-96x96.png]
[sasi.com.br/favicon-16x16.png]
[sasi.com.br/apple-icon-180x180.png]
[backblue.gif]
[fade.gif]
[index.html]
[sasi.com.br/logo-sasi.svg]
[sasi.com.br/service-worker.js]
[sasi.com.br/client/shimport@2.0.4.js]
[sasi.com.br/client/client-06e491bf.css]
[sasi.com.br/client/SContent-c9f61893.css]
[sasi.com.br/client/security-0e1caa78.css]
[sasi.com.br/platform.html]
[sasi.com.br/gallery.html]
[sasi.com.br/contact.html]
[sasi.com.br/flag-us.svg]
[sasi.com.br/flag-pt-br.svg]
[sasi.com.br/flag-spain.svg]
[sasi.com.br/feather-sprite.svg]
[sasi.com.br/lgpd.html]
[sasi.com.br/privacy-policy.html]
[sasi.com.br/security.html]
[sasi.com.br/apple-icon-180x180.html]
[sasi.com.br/logo-sasi.html]
[sasi.com.br/terms-of-service.html]
[sasi.com.br/fonts/Kanit-ExtraLight.woff2]
[sasi.com.br/fonts/Kanit-ExtraLight.woff]
[sasi.com.br/fonts/Kanit-Bold.woff2]
[sasi.com.br/fonts/Kanit-Bold.woff]
[sasi.com.br/fonts/Kanit-Black.woff2]
[sasi.com.br/fonts/Kanit-Black.woff]
[sasi.com.br/fonts/Kanit-Light.woff2]
[sasi.com.br/fonts/Kanit-Light.woff]
[sasi.com.br/fonts/Kanit-Medium.woff2]
[sasi.com.br/fonts/Kanit-Medium.woff]
[sasi.com.br/fonts/Kanit-Regular.woff2]
[sasi.com.br/fonts/Kanit-Regular.woff]
[sasi.com.br/fonts/Kanit-Thin.woff2]
[sasi.com.br/fonts/Kanit-Thin.woff]
[sasi.com.br/client/client-06e491bf.css]
[sasi.com.br/client/SContent-c9f61893.css]
[sasi.com.br/client/security-0e1caa78.css]
[sasi.com.br/index.html]
[sasi.com.br/static/index.html]
[sasi.com.br/client/Products-4566b68c.css]
[sasi.com.br/platform.html]
[sasi.com.br/large__A1A5268.40.delayed]
[sasi.com.br/small__A1A5268.jpg]
[sasi.com.br/medium__A1A5268.jpg]
[sasi.com.br/thumbnail__A1A5268.jpg]
[sasi.com.br/Screenshot_2020-07-17-16-55-40-663_com.miui.gallery.jpg]
[sasi.com.br/large_Screenshot_2020-07-17-16-55-40-663_com.miui.gallery.jpg]
[sasi.com.br/medium_Screenshot_2020-07-17-16-55-40-663_com.miui.gallery.4e.delayed]
[sasi.com.br/thumbnail_Screenshot_2020-07-17-16-55-40-663_com.miui.gallery.jpg]
[sasi.com.br/IMG_1741.JPG]
[sasi.com.br/https_]
[sasi.com.br/large_IMG_1741.JPG]
[sasi.com.br/small_IMG_1741.JPG]
[sasi.com.br/medium_IMG_1741.JPG]
[sasi.com.br/thumbnail_IMG_1741.JPG]
[sasi.com.br/IMG_5706.JPG]
[sasi.com.br/large_IMG_5706.JPG]
[sasi.com.br/small_IMG_5706.JPG]
[sasi.com.br/medium_IMG_5706.JPG]
[sasi.com.br/thumbnail_IMG_5706.JPG]
[sasi.com.br/WhatsApp Image 2021-10-07 at 18.58.34 (1).jpeg]
[sasi.com.br/large_WhatsApp Image 2021-10-07 at 18.58.34 (1).jpeg]
[sasi.com.br/small_WhatsApp Image 2021-10-07 at 18.58.34 (1).jpeg]
[sasi.com.br/medium_WhatsApp Image 2021-10-07 at 18.58.34 (1).jpeg]
[sasi.com.br/thumbnail_WhatsApp Image 2021-10-07 at 18.58.34 (1).jpeg]
[sasi.com.br/IMG_5003.JPG]
[sasi.com.br/large_IMG_5003.JPG]
[sasi.com.br/small_IMG_5003.JPG]
[sasi.com.br/medium_IMG_5003.JPG]
[sasi.com.br/thumbnail_IMG_5003.JPG]
[sasi.com.br/client/SPagination-1bf6229d.css]
[sasi.com.br/client/Gallery-aad6bc2d.css]
[sasi.com.br/gallery/_Isolamento-Domiciliar-FVS_-APP.html]
[sasi.com.br/gallery/Data-collection-from-the-servers-of-the-Francisca-Mendes-Heart-Hospital-Foundation-through-the-application.html]
[sasi.com.br/gallery/APP-_Escolinha-Amazonas-FC_-Press-Conference.html]
[sasi.com.br/gallery/Expo-BioandTic.html]
[sasi.com.br/gallery/Amazon-Tecnogame.html]
[sasi.com.br/gallery/Press-conference-_PAC-DIGITAL_-APP-launching.html]
[sasi.com.br/gallery.html]
[sasi.com.br/gallery/Launching-of-SEMED's-Safe-School-Program-(Proseg).html]
[sasi.com.br/client/contact-dcf00e66.css]
[sasi.com.br/contact.html]
[sasi.com.br/flag-us.svg]
[sasi.com.br/flag-pt-br.svg]
[sasi.com.br/flag-spain.svg]
[sasi.com.br/feather-sprite.svg]
[sasi.com.br/client/[slug]-545cffd0.css]
[sasi.com.br/cdn-cgi/l/email-protection.html]
[sasi.com.br/cdn-cgi/scripts/5c5dd728/cloudflare-static/email-decode.min.js]
[sasi.com.br/lgpd.html]
[sasi.com.br/privacy-policy.html]
[sasi.com.br/terms-of-service.html]
[sasi.com.br/static/index.html]
[sasi.com.br/phone.webp]
[sasi.com.br/client/Products-4566b68c.css]
[sasi.com.br/large__A1A5268.html]
[sasi.com.br/small__A1A5268.html]
[sasi.com.br/medium__A1A5268.html]
[sasi.com.br/thumbnail__A1A5268.html]
[sasi.com.br/Screenshot_2020-07-17-16-55-40-663_com.miui.gallery.html]
[sasi.com.br/large_Screenshot_2020-07-17-16-55-40-663_com.miui.gallery.html]
[sasi.com.br/medium_Screenshot_2020-07-17-16-55-40-663_com.miui.gallery.html]
[sasi.com.br/thumbnail_Screenshot_2020-07-17-16-55-40-663_com.miui.gallery.html]
[sasi.com.br/IMG_1741.html]
[sasi.com.br/https_.html]
[sasi.com.br/large_IMG_1741.html]
[sasi.com.br/small_IMG_1741.html]
[sasi.com.br/medium_IMG_1741.html]
[sasi.com.br/thumbnail_IMG_1741.html]
[sasi.com.br/IMG_5706.html]
[sasi.com.br/large_IMG_5706.html]
[sasi.com.br/small_IMG_5706.html]
[sasi.com.br/medium_IMG_5706.html]
[sasi.com.br/thumbnail_IMG_5706.html]
[sasi.com.br/WhatsApp Image 2021-10-07 at 18.58.34 (1).html]
[sasi.com.br/large_WhatsApp Image 2021-10-07 at 18.58.34 (1).html]
[sasi.com.br/small_WhatsApp Image 2021-10-07 at 18.58.34 (1).html]
[sasi.com.br/medium_WhatsApp Image 2021-10-07 at 18.58.34 (1).html]
[sasi.com.br/thumbnail_WhatsApp Image 2021-10-07 at 18.58.34 (1).html]
[sasi.com.br/IMG_5003.html]
[sasi.com.br/large_IMG_5003.html]
[sasi.com.br/small_IMG_5003.html]
[sasi.com.br/medium_IMG_5003.html]
[sasi.com.br/thumbnail_IMG_5003.html]
[sasi.com.br/client/SPagination-1bf6229d.css]
[sasi.com.br/client/Gallery-aad6bc2d.css]
[sasi.com.br/_A1A5268.html]
[sasi.com.br/small_Screenshot_2020-07-17-16-55-40-663_com.miui.gallery.html]
[sasi.com.br/gal/service-worker.94.delayed]
[sasi.com.br/gal/client/shimport@2.0.4.js]
[sasi.com.br/gallery/_Isolamento-Domiciliar-FVS_-APP.html]
[sasi.com.br/client/Carousel-06016f03.css]
[sasi.com.br/gallery/Data-collection-from-the-servers-of-the-Francisca-Mendes-Heart-Hospital-Foundation-through-the-application.html]
[sasi.com.br/gallery/APP-_Escolinha-Amazonas-FC_-Press-Conference.html]
[sasi.com.br/gallery/Expo-BioandTic.html]
[sasi.com.br/gallery/Amazon-Tecnogame.html]
[sasi.com.br/gallery/Press-conference-_PAC-DIGITAL_-APP-launching.html]
[sasi.com.br/gallery/Launching-of-SEMED's-Safe-School-Program-(Proseg).html]
[sasi.com.br/client/contact-dcf00e66.css]
[sasi.com.br/client/[slug]-545cffd0.css]
[sasi.com.br/cdn-cgi/l/email-protection.html]
[sasi.com.br/pricing.html]
[sasi.com.br/_A1A5268.html]
[sasi.com.br/small_Screenshot_2020-07-17-16-55-40-663_com.miui.gallery.html]
[sasi.com.br/gal/service-worker.html]
[sasi.com.br/gal/client/shimport@2.0.4.html]
[sasi.com.br/client/Carousel-06016f03.css]
[sasi.com.br/client/[slug]-654433c9.css]
[sasi.com.br/client/[slug]-654433c9.css]
